// Jest Snapshot v1, https://goo.gl/fbAQLP

exports[`Testes de Snapshot da Error Renderização do componente Error 1`] = `
<DocumentFragment>
  <div
    class="card-error"
  >
    <i
      class="fas fa-exclamation-triangle"
    />
    <span
      data-testid="message-error"
    >
      Teste mensagem de erro!
    </span>
  </div>
</DocumentFragment>
`;
