// Jest Snapshot v1, https://goo.gl/fbAQLP

exports[`Testes de Snapshot da Loading Renderização da tela Loading 1`] = `
<DocumentFragment>
  <div
    class="card-loading"
  >
    <i
      class="fas fa-spinner"
    />
    <span
      data-testid="message-loading"
    >
      Carregando ...
    </span>
  </div>
</DocumentFragment>
`;
