// Jest Snapshot v1, https://goo.gl/fbAQLP

exports[`Testes de Snapshot da Home Renderização da tela Home 1`] = `
<DocumentFragment>
  <div
    class="search"
  >
    <form
      class="form"
    >
      <input
        class="input"
        data-testid="search-input"
        name="github-user"
        placeholder="Github username..."
        type="text"
        value=""
      />
      <button
        class="button"
      >
        Search
      </button>
    </form>
  </div>
  <div
    class="card"
  >
    <div
      class="card-user"
      data-testid="card-user"
    >
      <div
        class="card-image"
      >
        <img
          alt="User Avatar"
          data-testid="card-avatar"
          src="https://avatars.githubusercontent.com/u/57936?v=4"
        />
      </div>
      <div
        class="card-content"
      >
        <h1
          class="card-name"
          data-testid="card-name"
        >
          Example
        </h1>
        <span
          class="card-username"
        >
          <i
            class="fas fa-user"
          />
          <span
            data-testid="card-username"
          >
            username
          </span>
        </span>
        <span
          class="card-location"
        >
          <i
            class="fas fa-map-marker-alt"
          />
          <span
            data-testid="card-location"
          >
            location
          </span>
        </span>
        <div
          class="card-data"
        >
          <span>
            <i
              class="fas fa-user-friends"
            />
            <span
              data-testid="card-following"
            >
              0
            </span>
             following
          </span>
          <span>
            <i
              class="fas fa-user-friends"
            />
            <span
              data-testid="card-followers"
            >
              0
            </span>
             followers
          </span>
          <span>
            <i
              class="fas fa-poll-h"
            />
            <span
              data-testid="card-repos"
            >
              0
            </span>
             repos
          </span>
        </div>
        <div
          class="card-footer"
        >
          <a
            href="https://github.com/username"
          >
            <span>
              GitHub username
            </span>
          </a>
        </div>
      </div>
    </div>
  </div>
</DocumentFragment>
`;
